There's no escape :(
There's no escape :(
There's no escape :(
There's no escape :(
There's no escape :(
There's no escape :(
There's no escape :(
Can escape!
Can escape!
Can escape!
Can escape!
Can escape!
There's no escape :(
There's no escape :(
There's no escape :(
There's no escape :(
There's no escape :(
There's no escape :(
